// Jest Snapshot v1, https://goo.gl/fbAQLP

exports[`Typescript compiler path prefixer adds a custom prefix in output that has no lerna.json present 1`] = `
"[96mcustom/prefix/[39m[96msrc/api/routes/thread/ThreadUpdateRequest.ts[0m:[93m6[0m:[93m54[0m - [91merror[0m[90m TS2307: [0mCannot find module '../../middleware'.

[7m6[0m import { threadEventClientTransform, validate } from '../../middleware';
[7m [0m [91m                                                     ~~~~~~~~~~~~~~~~~~[0m

[96mcustom/prefix/[39m[96msrc/api/routes/user/UserListRequest.ts[0m:[93m5[0m:[93m46[0m - [91merror[0m[90m TS2307: [0mCannot find module '../../middleware'.

[7m5[0m import { populateCollection, validate } from '../../middleware';
[7m [0m [91m                                             ~~~~~~~~~~~~~~~~~~[0m

[96mcustom/prefix/[39m[96msrc/api/routes/workerTasks/WorkerTasksRetryRequest.ts[0m:[93m12[0m:[93m35[0m - [91merror[0m[90m TS2307: [0mCannot find module '../../middleware'.

[7m12[0m import { isAdmin, validate } from '../../middleware';
[7m  [0m [91m                                  ~~~~~~~~~~~~~~~~~~[0m

[[90m7:25:59 PM[0m] Found 73 errors. Watching for file changes.
"
`;

exports[`Typescript compiler path prefixer can be used in a package.json script with yarn lerna run --prefix 1`] = `
"[2K[1G[2m$ /tmp/monorepo-test/node_modules/.bin/lerna run build --parallel --stream[22m
[36m[1m@monorepo/my-library[22m[39m: > @monorepo/my-library@0.0.1 build /tmp/monorepo-test/libraries/my-library
[36m[1m@monorepo/my-library[22m[39m: > tsc
[36m[1m@monorepo/my-library[22m[39m[39m: [96mlibraries/my-library/[39m[96m[96msrc/index.ts[0m:[93m9[0m:[93m6[0m - [91merror[0m[90m TS2339: [0mProperty 'badProperty' does not exist on type 'ITestInterface'.[39m
[36m[1m@monorepo/my-library[22m[39m: [7m9[0m test.badProperty = 'error';
[36m[1m@monorepo/my-library[22m[39m: [7m [0m [91m     ~~~~~~~~~~~[0m
[2K[1G[34minfo[39m Visit [1mhttps://yarnpkg.com/en/docs/cli/run[22m for documentation about this command.
"
`;

exports[`Typescript compiler path prefixer can prefix tsc output wth a custom transformer 1`] = `
"> @monorepo/my-library@0.0.1 build /tmp/monorepo-test/libraries/my-library
> tsc
[96mlibraries/my-library/[39m[96msrc/index.ts[0m:[93m9[0m:[93m6[0m - [91merror[0m[90m TS2339: [0mProperty 'badProperty' does not exist on type 'ITestInterface'.
[7m9[0m test.badProperty = 'error';
[7m [0m [91m     ~~~~~~~~~~~[0m
"
`;
